// Jest Snapshot v1, https://goo.gl/fbAQLP

exports[`app | pages | AddJobDescription | component should match snapshot 1`] = `
<Component
  classes={Object {}}
/>
`;
