// Jest Snapshot v1, https://goo.gl/fbAQLP

exports[`web |Â pages | EmailConfirmation | index render should emailConfirmation render 1`] = `<WithStyles(Component) />`;
