// Jest Snapshot v1, https://goo.gl/fbAQLP

exports[`app | components | SaveJobDescription | component should match snapshot 1`] = `
<Component
  addJob={[MockFunction]}
  allSkills={Array []}
  classes={Object {}}
  history={Object {}}
  isEditMode={false}
  jobDescription={Object {}}
  setEditMode={[MockFunction]}
  skills={Object {}}
  updateJob={[MockFunction]}
/>
`;
