// Jest Snapshot v1, https://goo.gl/fbAQLP

exports[`web |Â pages | ResumePage | index render should render 1`] = `
<Provider
  store={
    Object {
      "dispatch": [Function],
      "getState": [Function],
      "replaceReducer": [Function],
      "subscribe": [Function],
      Symbol(observable): [Function],
    }
  }
>
  <Connect(LanguageProvider)
    messages={Object {}}
  >
    <LanguageProvider
      dispatch={[Function]}
      locale="en"
      messages={Object {}}
    >
      <IntlProvider
        key="en"
        locale="en"
      >
        <Router
          history={
            Object {
              "action": "POP",
              "block": [Function],
              "createHref": [Function],
              "go": [Function],
              "goBack": [Function],
              "goForward": [Function],
              "length": 1,
              "listen": [Function],
              "location": Object {
                "hash": "",
                "pathname": "/",
                "search": "",
                "state": undefined,
              },
              "push": [Function],
              "replace": [Function],
            }
          }
        >
          <WithStyles(EnhancedComponent)>
            <EnhancedComponent
              classes={
                Object {
                  "paper": "EnhancedComponent-paper-1",
                  "root": "EnhancedComponent-root-2",
                }
              }
            >
              <Connect(InjectIntl(Component))
                classes={
                  Object {
                    "paper": "EnhancedComponent-paper-1",
                    "root": "EnhancedComponent-root-2",
                  }
                }
              >
                <InjectIntl(Component)
                  actions={
                    Object {
                      "addResume": [Function],
                      "goHome": [Function],
                    }
                  }
                  classes={
                    Object {
                      "paper": "EnhancedComponent-paper-1",
                      "root": "EnhancedComponent-root-2",
                    }
                  }
                >
                  <Component
                    actions={
                      Object {
                        "addResume": [Function],
                        "goHome": [Function],
                      }
                    }
                    classes={
                      Object {
                        "paper": "EnhancedComponent-paper-1",
                        "root": "EnhancedComponent-root-2",
                      }
                    }
                    intl={
                      Object {
                        "defaultFormats": Object {},
                        "defaultLocale": "en",
                        "formatDate": [Function],
                        "formatHTMLMessage": [Function],
                        "formatMessage": [Function],
                        "formatNumber": [Function],
                        "formatPlural": [Function],
                        "formatRelative": [Function],
                        "formatTime": [Function],
                        "formats": Object {},
                        "formatters": Object {
                          "getDateTimeFormat": [Function],
                          "getMessageFormat": [Function],
                          "getNumberFormat": [Function],
                          "getPluralFormat": [Function],
                          "getRelativeFormat": [Function],
                        },
                        "locale": "en",
                        "messages": Object {},
                        "now": [Function],
                        "onError": [Function],
                        "textComponent": "span",
                        "timeZone": null,
                      }
                    }
                  >
                    <div />
                  </Component>
                </InjectIntl(Component)>
              </Connect(InjectIntl(Component))>
            </EnhancedComponent>
          </WithStyles(EnhancedComponent)>
        </Router>
      </IntlProvider>
    </LanguageProvider>
  </Connect(LanguageProvider)>
</Provider>
`;
