// Jest Snapshot v1, https://goo.gl/fbAQLP

exports[`app | components | Avatar | index render Avatar should render Avatar 1`] = `
<Component>
  <div />
</Component>
`;
