// Jest Snapshot v1, https://goo.gl/fbAQLP

exports[`app | components | signInForm render should signInForm render 1`] = `
<Provider
  store={[Function]}
>
  <Router
    history={
      Object {
        "action": "POP",
        "block": [Function],
        "createHref": [Function],
        "go": [Function],
        "goBack": [Function],
        "goForward": [Function],
        "length": 1,
        "listen": [Function],
        "location": Object {
          "hash": "",
          "pathname": "/",
          "search": "",
          "state": undefined,
        },
        "push": [Function],
        "replace": [Function],
      }
    }
  >
    <WithStyles(Connect(withRouter(EnhancedComponent))) />
  </Router>
</Provider>
`;
